Archive member included to satisfy reference by file (symbol)

c:/st/stm32cubeide_1.7.0/stm32cubeide/plugins/com.st.stm32cube.ide.mcu.externaltools.gnu-tools-for-stm32.9-2020-q2-update.win32_2.0.0.202105311346/tools/bin/../lib/gcc/arm-none-eabi/9.3.1/../../../../arm-none-eabi/lib/thumb/v7e-m+fp/hard\libc_nano.a(lib_a-errno.o)
                              ./Core/Src/syscalls.o (__errno)
c:/st/stm32cubeide_1.7.0/stm32cubeide/plugins/com.st.stm32cube.ide.mcu.externaltools.gnu-tools-for-stm32.9-2020-q2-update.win32_2.0.0.202105311346/tools/bin/../lib/gcc/arm-none-eabi/9.3.1/../../../../arm-none-eabi/lib/thumb/v7e-m+fp/hard\libc_nano.a(lib_a-exit.o)
                              c:/st/stm32cubeide_1.7.0/stm32cubeide/plugins/com.st.stm32cube.ide.mcu.externaltools.gnu-tools-for-stm32.9-2020-q2-update.win32_2.0.0.202105311346/tools/bin/../lib/gcc/arm-none-eabi/9.3.1/../../../../arm-none-eabi/lib/thumb/v7e-m+fp/hard/crt0.o (exit)
c:/st/stm32cubeide_1.7.0/stm32cubeide/plugins/com.st.stm32cube.ide.mcu.externaltools.gnu-tools-for-stm32.9-2020-q2-update.win32_2.0.0.202105311346/tools/bin/../lib/gcc/arm-none-eabi/9.3.1/../../../../arm-none-eabi/lib/thumb/v7e-m+fp/hard\libc_nano.a(lib_a-impure.o)
                              c:/st/stm32cubeide_1.7.0/stm32cubeide/plugins/com.st.stm32cube.ide.mcu.externaltools.gnu-tools-for-stm32.9-2020-q2-update.win32_2.0.0.202105311346/tools/bin/../lib/gcc/arm-none-eabi/9.3.1/../../../../arm-none-eabi/lib/thumb/v7e-m+fp/hard\libc_nano.a(lib_a-exit.o) (_global_impure_ptr)
c:/st/stm32cubeide_1.7.0/stm32cubeide/plugins/com.st.stm32cube.ide.mcu.externaltools.gnu-tools-for-stm32.9-2020-q2-update.win32_2.0.0.202105311346/tools/bin/../lib/gcc/arm-none-eabi/9.3.1/../../../../arm-none-eabi/lib/thumb/v7e-m+fp/hard\libc_nano.a(lib_a-init.o)
                              c:/st/stm32cubeide_1.7.0/stm32cubeide/plugins/com.st.stm32cube.ide.mcu.externaltools.gnu-tools-for-stm32.9-2020-q2-update.win32_2.0.0.202105311346/tools/bin/../lib/gcc/arm-none-eabi/9.3.1/../../../../arm-none-eabi/lib/thumb/v7e-m+fp/hard/crt0.o (__libc_init_array)
c:/st/stm32cubeide_1.7.0/stm32cubeide/plugins/com.st.stm32cube.ide.mcu.externaltools.gnu-tools-for-stm32.9-2020-q2-update.win32_2.0.0.202105311346/tools/bin/../lib/gcc/arm-none-eabi/9.3.1/../../../../arm-none-eabi/lib/thumb/v7e-m+fp/hard\libc_nano.a(lib_a-memset.o)
                              c:/st/stm32cubeide_1.7.0/stm32cubeide/plugins/com.st.stm32cube.ide.mcu.externaltools.gnu-tools-for-stm32.9-2020-q2-update.win32_2.0.0.202105311346/tools/bin/../lib/gcc/arm-none-eabi/9.3.1/../../../../arm-none-eabi/lib/thumb/v7e-m+fp/hard/crt0.o (memset)
c:/st/stm32cubeide_1.7.0/stm32cubeide/plugins/com.st.stm32cube.ide.mcu.externaltools.gnu-tools-for-stm32.9-2020-q2-update.win32_2.0.0.202105311346/tools/bin/../lib/gcc/arm-none-eabi/9.3.1/thumb/v7e-m+fp/hard\libgcc.a(_arm_muldf3.o)
                              ./Core/Src/main.o (__aeabi_dmul)
c:/st/stm32cubeide_1.7.0/stm32cubeide/plugins/com.st.stm32cube.ide.mcu.externaltools.gnu-tools-for-stm32.9-2020-q2-update.win32_2.0.0.202105311346/tools/bin/../lib/gcc/arm-none-eabi/9.3.1/thumb/v7e-m+fp/hard\libgcc.a(_arm_addsubdf3.o)
                              ./Core/Src/main.o (__aeabi_f2d)
c:/st/stm32cubeide_1.7.0/stm32cubeide/plugins/com.st.stm32cube.ide.mcu.externaltools.gnu-tools-for-stm32.9-2020-q2-update.win32_2.0.0.202105311346/tools/bin/../lib/gcc/arm-none-eabi/9.3.1/thumb/v7e-m+fp/hard\libgcc.a(_arm_truncdfsf2.o)
                              ./Core/Src/main.o (__aeabi_d2f)
c:/st/stm32cubeide_1.7.0/stm32cubeide/plugins/com.st.stm32cube.ide.mcu.externaltools.gnu-tools-for-stm32.9-2020-q2-update.win32_2.0.0.202105311346/tools/bin/../lib/gcc/arm-none-eabi/9.3.1/thumb/v7e-m+fp/hard\libgcc.a(_aeabi_ldivmod.o)
                              ./Drivers/STM32F4xx_HAL_Driver/Src/stm32f4xx_hal_rcc.o (__aeabi_ldivmod)
c:/st/stm32cubeide_1.7.0/stm32cubeide/plugins/com.st.stm32cube.ide.mcu.externaltools.gnu-tools-for-stm32.9-2020-q2-update.win32_2.0.0.202105311346/tools/bin/../lib/gcc/arm-none-eabi/9.3.1/thumb/v7e-m+fp/hard\libgcc.a(_aeabi_uldivmod.o)
                              ./Drivers/STM32F4xx_HAL_Driver/Src/stm32f4xx_hal_rcc.o (__aeabi_uldivmod)
c:/st/stm32cubeide_1.7.0/stm32cubeide/plugins/com.st.stm32cube.ide.mcu.externaltools.gnu-tools-for-stm32.9-2020-q2-update.win32_2.0.0.202105311346/tools/bin/../lib/gcc/arm-none-eabi/9.3.1/thumb/v7e-m+fp/hard\libgcc.a(_udivmoddi4.o)
                              c:/st/stm32cubeide_1.7.0/stm32cubeide/plugins/com.st.stm32cube.ide.mcu.externaltools.gnu-tools-for-stm32.9-2020-q2-update.win32_2.0.0.202105311346/tools/bin/../lib/gcc/arm-none-eabi/9.3.1/thumb/v7e-m+fp/hard\libgcc.a(_aeabi_ldivmod.o) (__udivmoddi4)
c:/st/stm32cubeide_1.7.0/stm32cubeide/plugins/com.st.stm32cube.ide.mcu.externaltools.gnu-tools-for-stm32.9-2020-q2-update.win32_2.0.0.202105311346/tools/bin/../lib/gcc/arm-none-eabi/9.3.1/thumb/v7e-m+fp/hard\libgcc.a(_dvmd_tls.o)
[...]
Memory Configuration

Name             Origin             Length             Attributes
CCMRAM           0x0000000010000000 0x0000000000010000 xrw
RAM              0x0000000020000000 0x0000000000020000 xrw
FLASH            0x0000000008000000 0x0000000000100000 xr
*default*        0x0000000000000000 0xffffffffffffffff

Linker script and memory map

LOAD c:/st/stm32cubeide_1.7.0/stm32cubeide/plugins/com.st.stm32cube.ide.mcu.externaltools.gnu-tools-for-stm32.9-2020-q2-update.win32_2.0.0.202105311346/tools/bin/../lib/gcc/arm-none-eabi/9.3.1/thumb/v7e-m+fp/hard/crti.o
LOAD c:/st/stm32cubeide_1.7.0/stm32cubeide/plugins/com.st.stm32cube.ide.mcu.externaltools.gnu-tools-for-stm32.9-2020-q2-update.win32_2.0.0.202105311346/tools/bin/../lib/gcc/arm-none-eabi/9.3.1/thumb/v7e-m+fp/hard/crtbegin.o
LOAD c:/st/stm32cubeide_1.7.0/stm32cubeide/plugins/com.st.stm32cube.ide.mcu.externaltools.gnu-tools-for-stm32.9-2020-q2-update.win32_2.0.0.202105311346/tools/bin/../lib/gcc/arm-none-eabi/9.3.1/../../../../arm-none-eabi/lib/thumb/v7e-m+fp/hard/crt0.o
LOAD ./Core/Src/EEPROM.o
LOAD ./Core/Src/main.o
LOAD ./Core/Src/stm32f4xx_hal_msp.o
LOAD ./Core/Src/stm32f4xx_it.o
LOAD ./Core/Src/syscalls.o
LOAD ./Core/Src/sysmem.o
LOAD ./Core/Src/system_stm32f4xx.o
LOAD ./Core/Startup/startup_stm32f407zgtx.o
LOAD ./Drivers/STM32F4xx_HAL_Driver/Src/stm32f4xx_hal.o
LOAD ./Drivers/STM32F4xx_HAL_Driver/Src/stm32f4xx_hal_adc.o
LOAD ./Drivers/STM32F4xx_HAL_Driver/Src/stm32f4xx_hal_adc_ex.o
LOAD ./Drivers/STM32F4xx_HAL_Driver/Src/stm32f4xx_hal_can.o
LOAD ./Drivers/STM32F4xx_HAL_Driver/Src/stm32f4xx_hal_cortex.o
LOAD ./Drivers/STM32F4xx_HAL_Driver/Src/stm32f4xx_hal_dma.o
LOAD ./Drivers/STM32F4xx_HAL_Driver/Src/stm32f4xx_hal_dma_ex.o
LOAD ./Drivers/STM32F4xx_HAL_Driver/Src/stm32f4xx_hal_exti.o
LOAD ./Drivers/STM32F4xx_HAL_Driver/Src/stm32f4xx_hal_flash.o
LOAD ./Drivers/STM32F4xx_HAL_Driver/Src/stm32f4xx_hal_flash_ex.o
LOAD ./Drivers/STM32F4xx_HAL_Driver/Src/stm32f4xx_hal_flash_ramfunc.o
LOAD ./Drivers/STM32F4xx_HAL_Driver/Src/stm32f4xx_hal_gpio.o
LOAD ./Drivers/STM32F4xx_HAL_Driver/Src/stm32f4xx_hal_i2c.o
LOAD ./Drivers/STM32F4xx_HAL_Driver/Src/stm32f4xx_hal_i2c_ex.o
LOAD ./Drivers/STM32F4xx_HAL_Driver/Src/stm32f4xx_hal_pwr.o
LOAD ./Drivers/STM32F4xx_HAL_Driver/Src/stm32f4xx_hal_pwr_ex.o
LOAD ./Drivers/STM32F4xx_HAL_Driver/Src/stm32f4xx_hal_rcc.o
LOAD ./Drivers/STM32F4xx_HAL_Driver/Src/stm32f4xx_hal_rcc_ex.o
LOAD ./Drivers/STM32F4xx_HAL_Driver/Src/stm32f4xx_hal_tim.o
LOAD ./Drivers/STM32F4xx_HAL_Driver/Src/stm32f4xx_hal_tim_ex.o
LOAD ./Drivers/STM32F4xx_HAL_Driver/Src/stm32f4xx_ll_adc.o
START GROUP
LOAD c:/st/stm32cubeide_1.7.0/stm32cubeide/plugins/com.st.stm32cube.ide.mcu.externaltools.gnu-tools-for-stm32.9-2020-q2-update.win32_2.0.0.202105311346/tools/bin/../lib/gcc/arm-none-eabi/9.3.1/../../../../arm-none-eabi/lib/thumb/v7e-m+fp/hard\libc_nano.a
LOAD c:/st/stm32cubeide_1.7.0/stm32cubeide/plugins/com.st.stm32cube.ide.mcu.externaltools.gnu-tools-for-stm32.9-2020-q2-update.win32_2.0.0.202105311346/tools/bin/../lib/gcc/arm-none-eabi/9.3.1/../../../../arm-none-eabi/lib/thumb/v7e-m+fp/hard\libm.a
END GROUP
START GROUP
LOAD c:/st/stm32cubeide_1.7.0/stm32cubeide/plugins/com.st.stm32cube.ide.mcu.externaltools.gnu-tools-for-stm32.9-2020-q2-update.win32_2.0.0.202105311346/tools/bin/../lib/gcc/arm-none-eabi/9.3.1/thumb/v7e-m+fp/hard\libgcc.a
LOAD c:/st/stm32cubeide_1.7.0/stm32cubeide/plugins/com.st.stm32cube.ide.mcu.externaltools.gnu-tools-for-stm32.9-2020-q2-update.win32_2.0.0.202105311346/tools/bin/../lib/gcc/arm-none-eabi/9.3.1/../../../../arm-none-eabi/lib/thumb/v7e-m+fp/hard\libc_nano.a
END GROUP
START GROUP
LOAD c:/st/stm32cubeide_1.7.0/stm32cubeide/plugins/com.st.stm32cube.ide.mcu.externaltools.gnu-tools-for-stm32.9-2020-q2-update.win32_2.0.0.202105311346/tools/bin/../lib/gcc/arm-none-eabi/9.3.1/thumb/v7e-m+fp/hard\libgcc.a
LOAD c:/st/stm32cubeide_1.7.0/stm32cubeide/plugins/com.st.stm32cube.ide.mcu.externaltools.gnu-tools-for-stm32.9-2020-q2-update.win32_2.0.0.202105311346/tools/bin/../lib/gcc/arm-none-eabi/9.3.1/../../../../arm-none-eabi/lib/thumb/v7e-m+fp/hard\libc_nano.a
LOAD c:/st/stm32cubeide_1.7.0/stm32cubeide/plugins/com.st.stm32cube.ide.mcu.externaltools.gnu-tools-for-stm32.9-2020-q2-update.win32_2.0.0.202105311346/tools/bin/../lib/gcc/arm-none-eabi/9.3.1/../../../../arm-none-eabi/lib/thumb/v7e-m+fp/hard\libnosys.a
END GROUP
START GROUP
LOAD c:/st/stm32cubeide_1.7.0/stm32cubeide/plugins/com.st.stm32cube.ide.mcu.externaltools.gnu-tools-for-stm32.9-2020-q2-update.win32_2.0.0.202105311346/tools/bin/../lib/gcc/arm-none-eabi/9.3.1/thumb/v7e-m+fp/hard\libgcc.a
LOAD c:/st/stm32cubeide_1.7.0/stm32cubeide/plugins/com.st.stm32cube.ide.mcu.externaltools.gnu-tools-for-stm32.9-2020-q2-update.win32_2.0.0.202105311346/tools/bin/../lib/gcc/arm-none-eabi/9.3.1/../../../../arm-none-eabi/lib/thumb/v7e-m+fp/hard\libc_nano.a
LOAD c:/st/stm32cubeide_1.7.0/stm32cubeide/plugins/com.st.stm32cube.ide.mcu.externaltools.gnu-tools-for-stm32.9-2020-q2-update.win32_2.0.0.202105311346/tools/bin/../lib/gcc/arm-none-eabi/9.3.1/../../../../arm-none-eabi/lib/thumb/v7e-m+fp/hard\libnosys.a
END GROUP
LOAD c:/st/stm32cubeide_1.7.0/stm32cubeide/plugins/com.st.stm32cube.ide.mcu.externaltools.gnu-tools-for-stm32.9-2020-q2-update.win32_2.0.0.202105311346/tools/bin/../lib/gcc/arm-none-eabi/9.3.1/thumb/v7e-m+fp/hard/crtend.o
LOAD c:/st/stm32cubeide_1.7.0/stm32cubeide/plugins/com.st.stm32cube.ide.mcu.externaltools.gnu-tools-for-stm32.9-2020-q2-update.win32_2.0.0.202105311346/tools/bin/../lib/gcc/arm-none-eabi/9.3.1/thumb/v7e-m+fp/hard/crtn.o
                0x0000000020020000                _estack = (ORIGIN (RAM) + LENGTH (RAM))
                0x0000000000000200                _Min_Heap_Size = 0x200
                0x0000000000000400                _Min_Stack_Size = 0x400

.isr_vector     0x0000000008000000      0x188
                0x0000000008000000                . = ALIGN (0x4)
 *(.isr_vector)
 .isr_vector    0x0000000008000000      0x188 ./Core/Startup/startup_stm32f407zgtx.o
                0x0000000008000000                g_pfnVectors
                0x0000000008000188                . = ALIGN (0x4)

.text           0x0000000008000188     0x43d8
                0x0000000008000188                . = ALIGN (0x4)
 *(.text)
 .text          0x0000000008000188       0x40 c:/st/stm32cubeide_1.7.0/stm32cubeide/plugins/com.st.stm32cube.ide.mcu.externaltools.gnu-tools-for-stm32.9-2020-q2-update.win32_2.0.0.202105311346/tools/bin/../lib/gcc/arm-none-eabi/9.3.1/thumb/v7e-m+fp/hard/crtbegin.o
 .text          0x00000000080001c8      0x254 c:/st/stm32cubeide_1.7.0/stm32cubeide/plugins/com.st.stm32cube.ide.mcu.externaltools.gnu-tools-for-stm32.9-2020-q2-update.win32_2.0.0.202105311346/tools/bin/../lib/gcc/arm-none-eabi/9.3.1/thumb/v7e-m+fp/hard\libgcc.a(_arm_muldf3.o)
                0x00000000080001c8                __muldf3
                0x00000000080001c8                __aeabi_dmul
 .text          0x000000000800041c      0x378 c:/st/stm32cubeide_1.7.0/stm32cubeide/plugins/com.st.stm32cube.ide.mcu.externaltools.gnu-tools-for-stm32.9-2020-q2-update.win32_2.0.0.202105311346/tools/bin/../lib/gcc/arm-none-eabi/9.3.1/thumb/v7e-m+fp/hard\libgcc.a(_arm_addsubdf3.o)
                0x000000000800041c                __aeabi_drsub
                0x0000000008000424                __aeabi_dsub
                0x0000000008000424                __subdf3
                0x0000000008000428                __aeabi_dadd
                0x0000000008000428                __adddf3
                0x00000000080006a0                __floatunsidf
                0x00000000080006a0                __aeabi_ui2d
                0x00000000080006c0                __floatsidf
                0x00000000080006c0                __aeabi_i2d
                0x00000000080006e4                __aeabi_f2d
                0x00000000080006e4                __extendsfdf2
                0x0000000008000728                __floatundidf
                0x0000000008000728                __aeabi_ul2d
                0x0000000008000738                __floatdidf
                0x0000000008000738                __aeabi_l2d
 .text          0x0000000008000794       0xa0 c:/st/stm32cubeide_1.7.0/stm32cubeide/plugins/com.st.stm32cube.ide.mcu.externaltools.gnu-tools-for-stm32.9-2020-q2-update.win32_2.0.0.202105311346/tools/bin/../lib/gcc/arm-none-eabi/9.3.1/thumb/v7e-m+fp/hard\libgcc.a(_arm_truncdfsf2.o)
                0x0000000008000794                __truncdfsf2
                0x0000000008000794                __aeabi_d2f
 .text          0x0000000008000834       0x30 c:/st/stm32cubeide_1.7.0/stm32cubeide/plugins/com.st.stm32cube.ide.mcu.externaltools.gnu-tools-for-stm32.9-2020-q2-update.win32_2.0.0.202105311346/tools/bin/../lib/gcc/arm-none-eabi/9.3.1/thumb/v7e-m+fp/hard\libgcc.a(_aeabi_uldivmod.o)
                0x0000000008000834                __aeabi_uldivmod
 .text          0x0000000008000864      0x2c4 c:/st/stm32cubeide_1.7.0/stm32cubeide/plugins/com.st.stm32cube.ide.mcu.externaltools.gnu-tools-for-stm32.9-2020-q2-update.win32_2.0.0.202105311346/tools/bin/../lib/gcc/arm-none-eabi/9.3.1/thumb/v7e-m+fp/hard\libgcc.a(_udivmoddi4.o)
                0x0000000008000864                __udivmoddi4
 .text          0x0000000008000b28        0x4 c:/st/stm32cubeide_1.7.0/stm32cubeide/plugins/com.st.stm32cube.ide.mcu.externaltools.gnu-tools-for-stm32.9-2020-q2-update.win32_2.0.0.202105311346/tools/bin/../lib/gcc/arm-none-eabi/9.3.1/thumb/v7e-m+fp/hard\libgcc.a(_dvmd_tls.o)
                0x0000000008000b28                __aeabi_idiv0
                0x0000000008000b28                __aeabi_ldiv0
 *(.text*)
 .text.EEPROM_Write
                0x0000000008000b2c       0x70 ./Core/Src/EEPROM.o
                0x0000000008000b2c                EEPROM_Write
 .text.float2Bytes
                0x0000000008000b9c       0x1c ./Core/Src/EEPROM.o
                0x0000000008000b9c                float2Bytes
 .text.Bytes2float
                0x0000000008000bb8       0x1c ./Core/Src/EEPROM.o
                0x0000000008000bb8                Bytes2float
 .text.EEPROM_Write_NUM
                0x0000000008000bd4       0x24 ./Core/Src/EEPROM.o
                0x0000000008000bd4                EEPROM_Write_NUM
 .text.EEPROM_Read
                0x0000000008000bf8       0x6c ./Core/Src/EEPROM.o
                0x0000000008000bf8                EEPROM_Read
 .text.EEPROM_Read_NUM
                0x0000000008000c64       0x18 ./Core/Src/EEPROM.o
                0x0000000008000c64                EEPROM_Read_NUM
 .text.sendData.10828
                0x0000000008000c7c       0x34 ./Core/Src/main.o
 .text.mux      0x0000000008000cb0       0x44 ./Core/Src/main.o
                0x0000000008000cb0                mux
 .text.check_channels
                0x0000000008000cf4      0x100 ./Core/Src/main.o
                0x0000000008000cf4                check_channels
 .text.HAL_CAN_RxFifo0MsgPendingCallback
                0x0000000008000df4      0x27c ./Core/Src/main.o
                0x0000000008000df4                HAL_CAN_RxFifo0MsgPendingCallback
 .text.SystemClock_Config
                0x0000000008001070       0xa0 ./Core/Src/main.o
                0x0000000008001070                SystemClock_Config
 .text.startup.main
                0x0000000008001110     0x13dc ./Core/Src/main.o
                0x0000000008001110                main
 .text.HAL_MspInit
                0x00000000080024ec       0x38 ./Core/Src/stm32f4xx_hal_msp.o
                0x00000000080024ec                HAL_MspInit
 .text.HAL_ADC_MspInit
                0x0000000008002524       0xec ./Core/Src/stm32f4xx_hal_msp.o
                0x0000000008002524                HAL_ADC_MspInit
 .text.HAL_CAN_MspInit
                0x0000000008002610       0x7c ./Core/Src/stm32f4xx_hal_msp.o
                0x0000000008002610                HAL_CAN_MspInit
 .text.HAL_I2C_MspInit
                0x000000000800268c       0x6c ./Core/Src/stm32f4xx_hal_msp.o
                0x000000000800268c                HAL_I2C_MspInit
 .text.HAL_TIM_Base_MspInit
                0x00000000080026f8       0x30 ./Core/Src/stm32f4xx_hal_msp.o
                0x00000000080026f8                HAL_TIM_Base_MspInit
 .text.NMI_Handler
                0x0000000008002728        0x2 ./Core/Src/stm32f4xx_it.o
                0x0000000008002728                NMI_Handler
 .text.HardFault_Handler
                0x000000000800272a        0x2 ./Core/Src/stm32f4xx_it.o
                0x000000000800272a                HardFault_Handler
 .text.MemManage_Handler
                0x000000000800272c        0x2 ./Core/Src/stm32f4xx_it.o
                0x000000000800272c                MemManage_Handler
 .text.BusFault_Handler
                0x000000000800272e        0x2 ./Core/Src/stm32f4xx_it.o
                0x000000000800272e                BusFault_Handler
 .text.UsageFault_Handler
                0x0000000008002730        0x2 ./Core/Src/stm32f4xx_it.o
                0x0000000008002730                UsageFault_Handler
 .text.SVC_Handler
                0x0000000008002732        0x2 ./Core/Src/stm32f4xx_it.o
                0x0000000008002732                SVC_Handler
 .text.DebugMon_Handler
                0x0000000008002734        0x2 ./Core/Src/stm32f4xx_it.o
                0x0000000008002734                DebugMon_Handler
 .text.PendSV_Handler
                0x0000000008002736        0x2 ./Core/Src/stm32f4xx_it.o
                0x0000000008002736                PendSV_Handler
 .text.SysTick_Handler
                0x0000000008002738        0x4 ./Core/Src/stm32f4xx_it.o
                0x0000000008002738                SysTick_Handler
 .text.CAN1_RX0_IRQHandler
                0x000000000800273c        0xc ./Core/Src/stm32f4xx_it.o
                0x000000000800273c                CAN1_RX0_IRQHandler
 .text.SystemInit
                0x0000000008002748       0x14 ./Core/Src/system_stm32f4xx.o
                0x0000000008002748                SystemInit
 .text.Reset_Handler
                0x000000000800275c       0x50 ./Core/Startup/startup_stm32f407zgtx.o
                0x000000000800275c                Reset_Handler
 .text.Default_Handler
                0x00000000080027ac        0x2 ./Core/Startup/startup_stm32f407zgtx.o
                0x00000000080027ac                RTC_Alarm_IRQHandler
                0x00000000080027ac                HASH_RNG_IRQHandler
                0x00000000080027ac                EXTI2_IRQHandler
                0x00000000080027ac                TIM8_CC_IRQHandler
                0x00000000080027ac                TIM1_CC_IRQHandler
                0x00000000080027ac                DMA2_Stream5_IRQHandler
                0x00000000080027ac                DMA1_Stream5_IRQHandler
                0x00000000080027ac                PVD_IRQHandler
                0x00000000080027ac                SDIO_IRQHandler
                0x00000000080027ac                TAMP_STAMP_IRQHandler
                0x00000000080027ac                CAN2_RX1_IRQHandler
                0x00000000080027ac                EXTI3_IRQHandler
                0x00000000080027ac                TIM8_TRG_COM_TIM14_IRQHandler
                0x00000000080027ac                TIM1_UP_TIM10_IRQHandler
                0x00000000080027ac                TIM8_UP_TIM13_IRQHandler
                0x00000000080027ac                I2C3_ER_IRQHandler
                0x00000000080027ac                EXTI0_IRQHandler
                0x00000000080027ac                I2C2_EV_IRQHandler
                0x00000000080027ac                DMA1_Stream2_IRQHandler
                0x00000000080027ac                FPU_IRQHandler
                0x00000000080027ac                OTG_HS_WKUP_IRQHandler
                0x00000000080027ac                CAN2_SCE_IRQHandler
                0x00000000080027ac                DMA2_Stream2_IRQHandler
                0x00000000080027ac                SPI1_IRQHandler
                0x00000000080027ac                TIM6_DAC_IRQHandler
                0x00000000080027ac                TIM1_BRK_TIM9_IRQHandler
                0x00000000080027ac                DCMI_IRQHandler
                0x00000000080027ac                CAN2_RX0_IRQHandler
                0x00000000080027ac                DMA2_Stream3_IRQHandler
                0x00000000080027ac                USART6_IRQHandler
                0x00000000080027ac                USART3_IRQHandler
                0x00000000080027ac                CAN1_RX1_IRQHandler
                0x00000000080027ac                UART5_IRQHandler
                0x00000000080027ac                DMA2_Stream0_IRQHandler
                0x00000000080027ac                TIM4_IRQHandler
                0x00000000080027ac                I2C1_EV_IRQHandler
                0x00000000080027ac                DMA1_Stream6_IRQHandler
                0x00000000080027ac                DMA1_Stream1_IRQHandler
                0x00000000080027ac                UART4_IRQHandler
                0x00000000080027ac                TIM3_IRQHandler
                0x00000000080027ac                RCC_IRQHandler
                0x00000000080027ac                TIM8_BRK_TIM12_IRQHandler
                0x00000000080027ac                Default_Handler
                0x00000000080027ac                EXTI15_10_IRQHandler
                0x00000000080027ac                ADC_IRQHandler
                0x00000000080027ac                DMA1_Stream7_IRQHandler
                0x00000000080027ac                TIM7_IRQHandler
                0x00000000080027ac                CAN2_TX_IRQHandler
                0x00000000080027ac                TIM5_IRQHandler
                0x00000000080027ac                DMA2_Stream7_IRQHandler
                0x00000000080027ac                I2C3_EV_IRQHandler
                0x00000000080027ac                EXTI9_5_IRQHandler
                0x00000000080027ac                RTC_WKUP_IRQHandler
                0x00000000080027ac                ETH_WKUP_IRQHandler
                0x00000000080027ac                SPI2_IRQHandler
                0x00000000080027ac                OTG_HS_EP1_IN_IRQHandler
                0x00000000080027ac                DMA1_Stream0_IRQHandler
                0x00000000080027ac                CAN1_TX_IRQHandler
                0x00000000080027ac                EXTI4_IRQHandler
                0x00000000080027ac                FSMC_IRQHandler
                0x00000000080027ac                ETH_IRQHandler
                0x00000000080027ac                OTG_HS_EP1_OUT_IRQHandler
                0x00000000080027ac                WWDG_IRQHandler
                0x00000000080027ac                TIM2_IRQHandler
                0x00000000080027ac                OTG_FS_WKUP_IRQHandler
                0x00000000080027ac                TIM1_TRG_COM_TIM11_IRQHandler
                0x00000000080027ac                OTG_HS_IRQHandler
                0x00000000080027ac                EXTI1_IRQHandler
                0x00000000080027ac                USART2_IRQHandler
                0x00000000080027ac                I2C2_ER_IRQHandler
                0x00000000080027ac                DMA2_Stream1_IRQHandler
                0x00000000080027ac                CAN1_SCE_IRQHandler
                0x00000000080027ac                FLASH_IRQHandler
                0x00000000080027ac                DMA2_Stream4_IRQHandler
                0x00000000080027ac                USART1_IRQHandler
                0x00000000080027ac                OTG_FS_IRQHandler
                0x00000000080027ac                SPI3_IRQHandler
                0x00000000080027ac                DMA1_Stream4_IRQHandler
                0x00000000080027ac                I2C1_ER_IRQHandler
                0x00000000080027ac                DMA2_Stream6_IRQHandler
                0x00000000080027ac                DMA1_Stream3_IRQHandler
 *fill*         0x00000000080027ae        0x2 
 .text.HAL_InitTick
                0x00000000080027b0       0x48 ./Drivers/STM32F4xx_HAL_Driver/Src/stm32f4xx_hal.o
                0x00000000080027b0                HAL_InitTick
 .text.HAL_Init
                0x00000000080027f8       0x34 ./Drivers/STM32F4xx_HAL_Driver/Src/stm32f4xx_hal.o
                0x00000000080027f8                HAL_Init
 .text.HAL_IncTick
                0x000000000800282c       0x18 ./Drivers/STM32F4xx_HAL_Driver/Src/stm32f4xx_hal.o
                0x000000000800282c                HAL_IncTick
 .text.HAL_GetTick
                0x0000000008002844        0xc ./Drivers/STM32F4xx_HAL_Driver/Src/stm32f4xx_hal.o
                0x0000000008002844                HAL_GetTick
 .text.HAL_Delay
                0x0000000008002850       0x28 ./Drivers/STM32F4xx_HAL_Driver/Src/stm32f4xx_hal.o
                0x0000000008002850                HAL_Delay
 .text.HAL_ADC_Init
                0x0000000008002878      0x14c ./Drivers/STM32F4xx_HAL_Driver/Src/stm32f4xx_hal_adc.o
                0x0000000008002878                HAL_ADC_Init
 .text.HAL_ADC_Start
                0x00000000080029c4      0x108 ./Drivers/STM32F4xx_HAL_Driver/Src/stm32f4xx_hal_adc.o
                0x00000000080029c4                HAL_ADC_Start
 .text.HAL_ADC_Stop
                0x0000000008002acc       0x36 ./Drivers/STM32F4xx_HAL_Driver/Src/stm32f4xx_hal_adc.o
                0x0000000008002acc                HAL_ADC_Stop
 .text.HAL_ADC_PollForConversion
                0x0000000008002b02       0xa6 ./Drivers/STM32F4xx_HAL_Driver/Src/stm32f4xx_hal_adc.o
                0x0000000008002b02                HAL_ADC_PollForConversion
 .text.HAL_ADC_GetValue
                0x0000000008002ba8        0x6 ./Drivers/STM32F4xx_HAL_Driver/Src/stm32f4xx_hal_adc.o
                0x0000000008002ba8                HAL_ADC_GetValue
 *fill*         0x0000000008002bae        0x2 
 .text.HAL_ADC_ConfigChannel
                0x0000000008002bb0      0x124 ./Drivers/STM32F4xx_HAL_Driver/Src/stm32f4xx_hal_adc.o
                0x0000000008002bb0                HAL_ADC_ConfigChannel
 .text.HAL_CAN_Init
                0x0000000008002cd4       0xf6 ./Drivers/STM32F4xx_HAL_Driver/Src/stm32f4xx_hal_can.o
                0x0000000008002cd4                HAL_CAN_Init
 *fill*         0x0000000008002dca        0x2 
 .text.HAL_CAN_ConfigFilter
                0x0000000008002dcc      0x110 ./Drivers/STM32F4xx_HAL_Driver/Src/stm32f4xx_hal_can.o
                0x0000000008002dcc                HAL_CAN_ConfigFilter
 .text.HAL_CAN_Start
                0x0000000008002edc       0x5c ./Drivers/STM32F4xx_HAL_Driver/Src/stm32f4xx_hal_can.o
                0x0000000008002edc                HAL_CAN_Start
 .text.HAL_CAN_AddTxMessage
                0x0000000008002f38       0xa0 ./Drivers/STM32F4xx_HAL_Driver/Src/stm32f4xx_hal_can.o
                0x0000000008002f38                HAL_CAN_AddTxMessage
 .text.HAL_CAN_GetRxMessage
                0x0000000008002fd8       0xee ./Drivers/STM32F4xx_HAL_Driver/Src/stm32f4xx_hal_can.o
                0x0000000008002fd8                HAL_CAN_GetRxMessage
 .text.HAL_CAN_ActivateNotification
                0x00000000080030c6       0x22 ./Drivers/STM32F4xx_HAL_Driver/Src/stm32f4xx_hal_can.o
                0x00000000080030c6                HAL_CAN_ActivateNotification
 .text.HAL_CAN_TxMailbox0CompleteCallback
                0x00000000080030e8        0x2 ./Drivers/STM32F4xx_HAL_Driver/Src/stm32f4xx_hal_can.o
                0x00000000080030e8                HAL_CAN_TxMailbox0CompleteCallback
 .text.HAL_CAN_TxMailbox1CompleteCallback
                0x00000000080030ea        0x2 ./Drivers/STM32F4xx_HAL_Driver/Src/stm32f4xx_hal_can.o
                0x00000000080030ea                HAL_CAN_TxMailbox1CompleteCallback
 .text.HAL_CAN_TxMailbox2CompleteCallback
                0x00000000080030ec        0x2 ./Drivers/STM32F4xx_HAL_Driver/Src/stm32f4xx_hal_can.o
                0x00000000080030ec                HAL_CAN_TxMailbox2CompleteCallback
 .text.HAL_CAN_TxMailbox0AbortCallback
                0x00000000080030ee        0x2 ./Drivers/STM32F4xx_HAL_Driver/Src/stm32f4xx_hal_can.o
                0x00000000080030ee                HAL_CAN_TxMailbox0AbortCallback
 .text.HAL_CAN_TxMailbox1AbortCallback
                0x00000000080030f0        0x2 ./Drivers/STM32F4xx_HAL_Driver/Src/stm32f4xx_hal_can.o
                0x00000000080030f0                HAL_CAN_TxMailbox1AbortCallback
 .text.HAL_CAN_TxMailbox2AbortCallback
                0x00000000080030f2        0x2 ./Drivers/STM32F4xx_HAL_Driver/Src/stm32f4xx_hal_can.o
                0x00000000080030f2                HAL_CAN_TxMailbox2AbortCallback
 .text.HAL_CAN_RxFifo0FullCallback
                0x00000000080030f4        0x2 ./Drivers/STM32F4xx_HAL_Driver/Src/stm32f4xx_hal_can.o
                0x00000000080030f4                HAL_CAN_RxFifo0FullCallback
 .text.HAL_CAN_RxFifo1MsgPendingCallback
                0x00000000080030f6        0x2 ./Drivers/STM32F4xx_HAL_Driver/Src/stm32f4xx_hal_can.o
                0x00000000080030f6                HAL_CAN_RxFifo1MsgPendingCallback
 .text.HAL_CAN_RxFifo1FullCallback
                0x00000000080030f8        0x2 ./Drivers/STM32F4xx_HAL_Driver/Src/stm32f4xx_hal_can.o
                0x00000000080030f8                HAL_CAN_RxFifo1FullCallback
 .text.HAL_CAN_SleepCallback
                0x00000000080030fa        0x2 ./Drivers/STM32F4xx_HAL_Driver/Src/stm32f4xx_hal_can.o
                0x00000000080030fa                HAL_CAN_SleepCallback
 .text.HAL_CAN_WakeUpFromRxMsgCallback
                0x00000000080030fc        0x2 ./Drivers/STM32F4xx_HAL_Driver/Src/stm32f4xx_hal_can.o
                0x00000000080030fc                HAL_CAN_WakeUpFromRxMsgCallback
 .text.HAL_CAN_ErrorCallback
                0x00000000080030fe        0x2 ./Drivers/STM32F4xx_HAL_Driver/Src/stm32f4xx_hal_can.o
                0x00000000080030fe                HAL_CAN_ErrorCallback
 .text.HAL_CAN_IRQHandler
                0x0000000008003100      0x1fc ./Drivers/STM32F4xx_HAL_Driver/Src/stm32f4xx_hal_can.o
                0x0000000008003100                HAL_CAN_IRQHandler
 .text.HAL_NVIC_SetPriorityGrouping
                0x00000000080032fc       0x24 ./Drivers/STM32F4xx_HAL_Driver/Src/stm32f4xx_hal_cortex.o
                0x00000000080032fc                HAL_NVIC_SetPriorityGrouping
 .text.HAL_NVIC_SetPriority
                0x0000000008003320       0x64 ./Drivers/STM32F4xx_HAL_Driver/Src/stm32f4xx_hal_cortex.o
                0x0000000008003320                HAL_NVIC_SetPriority
 .text.HAL_NVIC_EnableIRQ
                0x0000000008003384       0x1c ./Drivers/STM32F4xx_HAL_Driver/Src/stm32f4xx_hal_cortex.o
                0x0000000008003384                HAL_NVIC_EnableIRQ
 .text.HAL_SYSTICK_Config
                0x00000000080033a0       0x2c ./Drivers/STM32F4xx_HAL_Driver/Src/stm32f4xx_hal_cortex.o
                0x00000000080033a0                HAL_SYSTICK_Config
 .text.HAL_GPIO_Init
                0x00000000080033cc      0x1b4 ./Drivers/STM32F4xx_HAL_Driver/Src/stm32f4xx_hal_gpio.o
                0x00000000080033cc                HAL_GPIO_Init
 .text.HAL_GPIO_ReadPin
                0x0000000008003580        0xc ./Drivers/STM32F4xx_HAL_Driver/Src/stm32f4xx_hal_gpio.o
                0x0000000008003580                HAL_GPIO_ReadPin
 .text.HAL_GPIO_WritePin
                0x000000000800358c        0xa ./Drivers/STM32F4xx_HAL_Driver/Src/stm32f4xx_hal_gpio.o
                0x000000000800358c                HAL_GPIO_WritePin
 .text.I2C_IsAcknowledgeFailed
                0x0000000008003596       0x34 ./Drivers/STM32F4xx_HAL_Driver/Src/stm32f4xx_hal_i2c.o
 .text.I2C_WaitOnMasterAddressFlagUntilTimeout
                0x00000000080035ca       0x76 ./Drivers/STM32F4xx_HAL_Driver/Src/stm32f4xx_hal_i2c.o
 .text.I2C_WaitOnBTFFlagUntilTimeout
                0x0000000008003640       0x4c ./Drivers/STM32F4xx_HAL_Driver/Src/stm32f4xx_hal_i2c.o
 .text.I2C_WaitOnRXNEFlagUntilTimeout
                0x000000000800368c       0x5e ./Drivers/STM32F4xx_HAL_Driver/Src/stm32f4xx_hal_i2c.o
 .text.I2C_WaitOnFlagUntilTimeout
                0x00000000080036ea       0x64 ./Drivers/STM32F4xx_HAL_Driver/Src/stm32f4xx_hal_i2c.o
 .text.I2C_WaitOnTXEFlagUntilTimeout
                0x000000000800374e       0x4c ./Drivers/STM32F4xx_HAL_Driver/Src/stm32f4xx_hal_i2c.o
 *fill*         0x000000000800379a        0x2 
 .text.I2C_RequestMemoryWrite
                0x000000000800379c       0xb0 ./Drivers/STM32F4xx_HAL_Driver/Src/stm32f4xx_hal_i2c.o
 .text.I2C_RequestMemoryRead
                0x000000000800384c      0x104 ./Drivers/STM32F4xx_HAL_Driver/Src/stm32f4xx_hal_i2c.o
 .text.HAL_I2C_Init
                0x0000000008003950      0x150 ./Drivers/STM32F4xx_HAL_Driver/Src/stm32f4xx_hal_i2c.o
                0x0000000008003950                HAL_I2C_Init
 .text.HAL_I2C_Mem_Write
                0x0000000008003aa0      0x120 ./Drivers/STM32F4xx_HAL_Driver/Src/stm32f4xx_hal_i2c.o
                0x0000000008003aa0                HAL_I2C_Mem_Write
 .text.HAL_I2C_Mem_Read
                0x0000000008003bc0      0x210 ./Drivers/STM32F4xx_HAL_Driver/Src/stm32f4xx_hal_i2c.o
                0x0000000008003bc0                HAL_I2C_Mem_Read
 .text.HAL_RCC_OscConfig
                0x0000000008003dd0      0x358 ./Drivers/STM32F4xx_HAL_Driver/Src/stm32f4xx_hal_rcc.o
                0x0000000008003dd0                HAL_RCC_OscConfig
 .text.HAL_RCC_GetSysClockFreq
                0x0000000008004128       0x5c ./Drivers/STM32F4xx_HAL_Driver/Src/stm32f4xx_hal_rcc.o
                0x0000000008004128                HAL_RCC_GetSysClockFreq
 .text.HAL_RCC_ClockConfig
                0x0000000008004184      0x138 ./Drivers/STM32F4xx_HAL_Driver/Src/stm32f4xx_hal_rcc.o
                0x0000000008004184                HAL_RCC_ClockConfig
 .text.HAL_RCC_GetPCLK1Freq
                0x00000000080042bc       0x20 ./Drivers/STM32F4xx_HAL_Driver/Src/stm32f4xx_hal_rcc.o
                0x00000000080042bc                HAL_RCC_GetPCLK1Freq
 .text.HAL_TIM_Base_Start_IT
                0x00000000080042dc       0x74 ./Drivers/STM32F4xx_HAL_Driver/Src/stm32f4xx_hal_tim.o
                0x00000000080042dc                HAL_TIM_Base_Start_IT
 .text.TIM_Base_SetConfig
                0x0000000008004350       0xcc ./Drivers/STM32F4xx_HAL_Driver/Src/stm32f4xx_hal_tim.o
                0x0000000008004350                TIM_Base_SetConfig
 .text.HAL_TIM_Base_Init
                0x000000000800441c       0x58 ./Drivers/STM32F4xx_HAL_Driver/Src/stm32f4xx_hal_tim.o
                0x000000000800441c                HAL_TIM_Base_Init
 .text.HAL_TIMEx_MasterConfigSynchronization
                0x0000000008004474       0x7c ./Drivers/STM32F4xx_HAL_Driver/Src/stm32f4xx_hal_tim_ex.o
                0x0000000008004474                HAL_TIMEx_MasterConfigSynchronization
 .text.__libc_init_array
                0x00000000080044f0       0x48 c:/st/stm32cubeide_1.7.0/stm32cubeide/plugins/com.st.stm32cube.ide.mcu.externaltools.gnu-tools-for-stm32.9-2020-q2-update.win32_2.0.0.202105311346/tools/bin/../lib/gcc/arm-none-eabi/9.3.1/../../../../arm-none-eabi/lib/thumb/v7e-m+fp/hard\libc_nano.a(lib_a-init.o)
                0x00000000080044f0                __libc_init_array
 .text.memset   0x0000000008004538       0x10 c:/st/stm32cubeide_1.7.0/stm32cubeide/plugins/com.st.stm32cube.ide.mcu.externaltools.gnu-tools-for-stm32.9-2020-q2-update.win32_2.0.0.202105311346/tools/bin/../lib/gcc/arm-none-eabi/9.3.1/../../../../arm-none-eabi/lib/thumb/v7e-m+fp/hard\libc_nano.a(lib_a-memset.o)
                0x0000000008004538                memset
 *(.glue_7)
 .glue_7        0x0000000008004548        0x0 linker stubs
 *(.glue_7t)
 .glue_7t       0x0000000008004548        0x0 linker stubs
 *(.eh_frame)
 .eh_frame      0x0000000008004548        0x0 c:/st/stm32cubeide_1.7.0/stm32cubeide/plugins/com.st.stm32cube.ide.mcu.externaltools.gnu-tools-for-stm32.9-2020-q2-update.win32_2.0.0.202105311346/tools/bin/../lib/gcc/arm-none-eabi/9.3.1/thumb/v7e-m+fp/hard/crtbegin.o
 *(.init)
 .init          0x0000000008004548        0x4 c:/st/stm32cubeide_1.7.0/stm32cubeide/plugins/com.st.stm32cube.ide.mcu.externaltools.gnu-tools-for-stm32.9-2020-q2-update.win32_2.0.0.202105311346/tools/bin/../lib/gcc/arm-none-eabi/9.3.1/thumb/v7e-m+fp/hard/crti.o
                0x0000000008004548                _init
 .init          0x000000000800454c        0x8 c:/st/stm32cubeide_1.7.0/stm32cubeide/plugins/com.st.stm32cube.ide.mcu.externaltools.gnu-tools-for-stm32.9-2020-q2-update.win32_2.0.0.202105311346/tools/bin/../lib/gcc/arm-none-eabi/9.3.1/thumb/v7e-m+fp/hard/crtn.o
 *(.fini)
 .fini          0x0000000008004554        0x4 c:/st/stm32cubeide_1.7.0/stm32cubeide/plugins/com.st.stm32cube.ide.mcu.externaltools.gnu-tools-for-stm32.9-2020-q2-update.win32_2.0.0.202105311346/tools/bin/../lib/gcc/arm-none-eabi/9.3.1/thumb/v7e-m+fp/hard/crti.o
                0x0000000008004554                _fini
 .fini          0x0000000008004558        0x8 c:/st/stm32cubeide_1.7.0/stm32cubeide/plugins/com.st.stm32cube.ide.mcu.externaltools.gnu-tools-for-stm32.9-2020-q2-update.win32_2.0.0.202105311346/tools/bin/../lib/gcc/arm-none-eabi/9.3.1/thumb/v7e-m+fp/hard/crtn.o
                0x0000000008004560                . = ALIGN (0x4)
                0x0000000008004560                _etext = .

.vfp11_veneer   0x0000000008004560        0x0
 .vfp11_veneer  0x0000000008004560        0x0 linker stubs

.v4_bx          0x0000000008004560        0x0
 .v4_bx         0x0000000008004560        0x0 linker stubs

.iplt           0x0000000008004560        0x0
 .iplt          0x0000000008004560        0x0 c:/st/stm32cubeide_1.7.0/stm32cubeide/plugins/com.st.stm32cube.ide.mcu.externaltools.gnu-tools-for-stm32.9-2020-q2-update.win32_2.0.0.202105311346/tools/bin/../lib/gcc/arm-none-eabi/9.3.1/thumb/v7e-m+fp/hard/crtbegin.o

.rodata         0x0000000008004560       0x18
                0x0000000008004560                . = ALIGN (0x4)
 *(.rodata)
 *(.rodata*)
 .rodata.AHBPrescTable
                0x0000000008004560       0x10 ./Core/Src/system_stm32f4xx.o
                0x0000000008004560                AHBPrescTable
 .rodata.APBPrescTable
                0x0000000008004570        0x8 ./Core/Src/system_stm32f4xx.o
                0x0000000008004570                APBPrescTable
                0x0000000008004578                . = ALIGN (0x4)

.ARM.extab      0x0000000008004578        0x0
                0x0000000008004578                . = ALIGN (0x4)
 *(.ARM.extab* .gnu.linkonce.armextab.*)
                0x0000000008004578                . = ALIGN (0x4)

.ARM            0x0000000008004578        0x8
                0x0000000008004578                . = ALIGN (0x4)
                0x0000000008004578                __exidx_start = .
 *(.ARM.exidx*)
 .ARM.exidx     0x0000000008004578        0x8 c:/st/stm32cubeide_1.7.0/stm32cubeide/plugins/com.st.stm32cube.ide.mcu.externaltools.gnu-tools-for-stm32.9-2020-q2-update.win32_2.0.0.202105311346/tools/bin/../lib/gcc/arm-none-eabi/9.3.1/thumb/v7e-m+fp/hard\libgcc.a(_udivmoddi4.o)
                0x0000000008004580                __exidx_end = .
                0x0000000008004580                . = ALIGN (0x4)

.rel.dyn        0x0000000008004580        0x0
 .rel.iplt      0x0000000008004580        0x0 c:/st/stm32cubeide_1.7.0/stm32cubeide/plugins/com.st.stm32cube.ide.mcu.externaltools.gnu-tools-for-stm32.9-2020-q2-update.win32_2.0.0.202105311346/tools/bin/../lib/gcc/arm-none-eabi/9.3.1/thumb/v7e-m+fp/hard/crtbegin.o

.preinit_array  0x0000000008004580        0x0
                0x0000000008004580                . = ALIGN (0x4)
                0x0000000008004580                PROVIDE (__preinit_array_start = .)
 *(.preinit_array*)
                0x0000000008004580                PROVIDE (__preinit_array_end = .)
                0x0000000008004580                . = ALIGN (0x4)

.init_array     0x0000000008004580        0x4
                0x0000000008004580                . = ALIGN (0x4)
                0x0000000008004580                PROVIDE (__init_array_start = .)
 *(SORT_BY_NAME(.init_array.*))
 *(.init_array*)
 .init_array    0x0000000008004580        0x4 c:/st/stm32cubeide_1.7.0/stm32cubeide/plugins/com.st.stm32cube.ide.mcu.externaltools.gnu-tools-for-stm32.9-2020-q2-update.win32_2.0.0.202105311346/tools/bin/../lib/gcc/arm-none-eabi/9.3.1/thumb/v7e-m+fp/hard/crtbegin.o
                0x0000000008004584                PROVIDE (__init_array_end = .)
                0x0000000008004584                . = ALIGN (0x4)

.fini_array     0x0000000008004584        0x4
                0x0000000008004584                . = ALIGN (0x4)
                [!provide]                        PROVIDE (__fini_array_start = .)
 *(SORT_BY_NAME(.fini_array.*))
 *(.fini_array*)
 .fini_array    0x0000000008004584        0x4 c:/st/stm32cubeide_1.7.0/stm32cubeide/plugins/com.st.stm32cube.ide.mcu.externaltools.gnu-tools-for-stm32.9-2020-q2-update.win32_2.0.0.202105311346/tools/bin/../lib/gcc/arm-none-eabi/9.3.1/thumb/v7e-m+fp/hard/crtbegin.o
                [!provide]                        PROVIDE (__fini_array_end = .)
                0x0000000008004588                . = ALIGN (0x4)
                0x0000000008004588                _sidata = LOADADDR (.data)

.data           0x0000000020000000      0x540 load address 0x0000000008004588
                0x0000000020000000                . = ALIGN (0x4)
                0x0000000020000000                _sdata = .
 *(.data)
 *(.data*)
 .data.alarmLevel
                0x0000000020000000       0x98 ./Core/Src/main.o
                0x0000000020000000                alarmLevel
 .data.analogConfigs
                0x0000000020000098      0x390 ./Core/Src/main.o
                0x0000000020000098                analogConfigs
 .data.analogInputID
                0x0000000020000428       0x4c ./Core/Src/main.o
                0x0000000020000428                analogInputID
 .data.dataw3   0x0000000020000474        0x4 ./Core/Src/main.o
                0x0000000020000474                dataw3
 .data.digitalInputId
                0x0000000020000478       0x7e ./Core/Src/main.o
                0x0000000020000478                digitalInputId
 .data.id       0x00000000200004f6       0x3c ./Core/Src/main.o
                0x00000000200004f6                id
 *fill*         0x0000000020000532        0x2 
 .data.SystemCoreClock
                0x0000000020000534        0x4 ./Core/Src/system_stm32f4xx.o
                0x0000000020000534                SystemCoreClock
 .data.uwTickFreq
                0x0000000020000538        0x1 ./Drivers/STM32F4xx_HAL_Driver/Src/stm32f4xx_hal.o
                0x0000000020000538                uwTickFreq
 *fill*         0x0000000020000539        0x3 
 .data.uwTickPrio
                0x000000002000053c        0x4 ./Drivers/STM32F4xx_HAL_Driver/Src/stm32f4xx_hal.o
                0x000000002000053c                uwTickPrio
 *(.RamFunc)
 *(.RamFunc*)
                0x0000000020000540                . = ALIGN (0x4)
                0x0000000020000540                _edata = .
                0x0000000008004ac8                _siccmram = LOADADDR (.ccmram)

.igot.plt       0x0000000020000540        0x0 load address 0x0000000008004ac8
 .igot.plt      0x0000000020000540        0x0 c:/st/stm32cubeide_1.7.0/stm32cubeide/plugins/com.st.stm32cube.ide.mcu.externaltools.gnu-tools-for-stm32.9-2020-q2-update.win32_2.0.0.202105311346/tools/bin/../lib/gcc/arm-none-eabi/9.3.1/thumb/v7e-m+fp/hard/crtbegin.o

.ccmram         0x0000000010000000        0x0 load address 0x0000000008004ac8
                0x0000000010000000                . = ALIGN (0x4)
                0x0000000010000000                _sccmram = .
 *(.ccmram)
 *(.ccmram*)
                0x0000000010000000                . = ALIGN (0x4)
                0x0000000010000000                _eccmram = .
                0x0000000010000000                . = ALIGN (0x4)

.bss            0x0000000020000540     0x1354
                0x0000000020000540                _sbss = .
                0x0000000020000540                __bss_start__ = _sbss
 *(.bss)
 .bss           0x0000000020000540       0x1c c:/st/stm32cubeide_1.7.0/stm32cubeide/plugins/com.st.stm32cube.ide.mcu.externaltools.gnu-tools-for-stm32.9-2020-q2-update.win32_2.0.0.202105311346/tools/bin/../lib/gcc/arm-none-eabi/9.3.1/thumb/v7e-m+fp/hard/crtbegin.o
 *(.bss*)
 .bss.alarmCount
                0x000000002000055c       0x7e ./Core/Src/main.o
                0x000000002000055c                alarmCount
 .bss.alarmLevelRecivedFlag
                0x00000000200005da        0x1 ./Core/Src/main.o
                0x00000000200005da                alarmLevelRecivedFlag
 *fill*         0x00000000200005db        0x1 
 .bss.alarmOn   0x00000000200005dc       0x7e ./Core/Src/main.o
                0x00000000200005dc                alarmOn
 .bss.alarmOnAnalog
                0x000000002000065a       0x50 ./Core/Src/main.o
                0x000000002000065a                alarmOnAnalog
 .bss.analogAlarmCount
                0x00000000200006aa       0x4c ./Core/Src/main.o
                0x00000000200006aa                analogAlarmCount
 .bss.analogAlarmCountDown
                0x00000000200006f6       0x4c ./Core/Src/main.o
                0x00000000200006f6                analogAlarmCountDown
 .bss.analogFadeOut
                0x0000000020000742       0x26 ./Core/Src/main.o
                0x0000000020000742                analogFadeOut
 .bss.analogFadeOutBaxmaq
                0x0000000020000768       0x26 ./Core/Src/main.o
                0x0000000020000768                analogFadeOutBaxmaq
 .bss.analogFadeOutTot
                0x000000002000078e       0x18 ./Core/Src/main.o
                0x000000002000078e                analogFadeOutTot
 .bss.analogFadeOutTotRead
                0x00000000200007a6       0x18 ./Core/Src/main.o
                0x00000000200007a6                analogFadeOutTotRead
 .bss.analogFadeOutTotReadTest
                0x00000000200007be       0x18 ./Core/Src/main.o
                0x00000000200007be                analogFadeOutTotReadTest
 .bss.contactStateRead
                0x00000000200007d6        0xa ./Core/Src/main.o
                0x00000000200007d6                contactStateRead
 .bss.contactStateTot
                0x00000000200007e0        0xa ./Core/Src/main.o
                0x00000000200007e0                contactStateTot
 *fill*         0x00000000200007ea        0x2 
 .bss.datacheck
                0x00000000200007ec        0x4 ./Core/Src/main.o
                0x00000000200007ec                datacheck
 .bss.delaySeconds
                0x00000000200007f0       0x80 ./Core/Src/main.o
                0x00000000200007f0                delaySeconds
 .bss.delaySecondsCount
                0x0000000020000870       0x7e ./Core/Src/main.o
                0x0000000020000870                delaySecondsCount
 .bss.digitalSum
                0x00000000200008ee       0x14 ./Core/Src/main.o
                0x00000000200008ee                digitalSum
 .bss.fadeOut   0x0000000020000902       0x3f ./Core/Src/main.o
                0x0000000020000902                fadeOut
 .bss.fadeOutBaxmaq
                0x0000000020000941       0x3f ./Core/Src/main.o
                0x0000000020000941                fadeOutBaxmaq
 .bss.fadeOutReg
                0x0000000020000980        0x4 ./Core/Src/main.o
                0x0000000020000980                fadeOutReg
 .bss.fadeOutTot
                0x0000000020000984       0x18 ./Core/Src/main.o
                0x0000000020000984                fadeOutTot
 .bss.fadeOutTotRead
                0x000000002000099c       0x18 ./Core/Src/main.o
                0x000000002000099c                fadeOutTotRead
 .bss.fadeOutTotReadTest
                0x00000000200009b4       0x18 ./Core/Src/main.o
                0x00000000200009b4                fadeOutTotReadTest
 .bss.i2_t      0x00000000200009cc        0x4 ./Core/Src/main.o
                0x00000000200009cc                i2_t
 .bss.kesirHisse
                0x00000000200009d0        0x4 ./Core/Src/main.o
                0x00000000200009d0                kesirHisse
 .bss.pk1       0x00000000200009d4        0x1 ./Core/Src/main.o
                0x00000000200009d4                pk1
 .bss.prencereAcilmaFlag
                0x00000000200009d5        0x1 ./Core/Src/main.o
                0x00000000200009d5                prencereAcilmaFlag
 *fill*         0x00000000200009d6        0x2 
 .bss.recivedID
                0x00000000200009d8        0x4 ./Core/Src/main.o
                0x00000000200009d8                recivedID
 .bss.recivedReset
                0x00000000200009dc        0x1 ./Core/Src/main.o
                0x00000000200009dc                recivedReset
 *fill*         0x00000000200009dd        0x3 
 .bss.say       0x00000000200009e0        0x4 ./Core/Src/main.o
                0x00000000200009e0                say
 .bss.secondByte
                0x00000000200009e4       0x26 ./Core/Src/main.o
                0x00000000200009e4                secondByte
 .bss.stationAlarm
                0x0000000020000a0a        0x2 ./Core/Src/main.o
                0x0000000020000a0a                stationAlarm
 .bss.tamHisse  0x0000000020000a0c        0x4 ./Core/Src/main.o
                0x0000000020000a0c                tamHisse
 .bss.waitingForDelay
                0x0000000020000a10       0x7e ./Core/Src/main.o
                0x0000000020000a10                waitingForDelay
 *(COMMON)
 COMMON         0x0000000020000a8e        0x4 ./Core/Src/EEPROM.o
                0x0000000020000a8e                bytes_temp
 *fill*         0x0000000020000a92        0x2 
 COMMON         0x0000000020000a94      0xdfc ./Core/Src/main.o
                0x0000000020000a94                voltValIncorrect
                0x0000000020000b5c                analog
                0x0000000020000bd8                realVal
                0x0000000020000ca0                secondWord
                0x0000000020000d04                delaySecondsTot
                0x0000000020000d54                hadc2
                0x0000000020000d9c                hi2c2
                0x0000000020000df0                contactStateTest
                0x0000000020000e7e                digitalStates
                0x0000000020000f1e                message
                0x0000000020000f9c                alarmLevelRead
                0x0000000020001034                contactState
                0x00000000200010b4                datar3
                0x00000000200010b8                hadc1
                0x0000000020001100                voltVal
                0x00000000200011c8                hadc3
                0x0000000020001210                TxData
                0x0000000020001350                fractionPart
                0x0000000020001384                htim6
                0x00000000200013cc                TxMailbox
                0x00000000200013d0                delaySecondsTotRead
                0x0000000020001420                RxData
                0x0000000020001428                hcan1
                0x0000000020001450                TxHeader
                0x0000000020001810                RxHeader
                0x000000002000182c                intPart
 COMMON         0x0000000020001890        0x4 ./Drivers/STM32F4xx_HAL_Driver/Src/stm32f4xx_hal.o
                0x0000000020001890                uwTick
                0x0000000020001894                . = ALIGN (0x4)
                0x0000000020001894                _ebss = .
                0x0000000020001894                __bss_end__ = _ebss

._user_heap_stack
                0x0000000020001894      0x604
                0x0000000020001898                . = ALIGN (0x8)
 *fill*         0x0000000020001894        0x4 
                [!provide]                        PROVIDE (end = .)
                0x0000000020001898                PROVIDE (_end = .)
                0x0000000020001a98                . = (. + _Min_Heap_Size)
 *fill*         0x0000000020001898      0x200 
                0x0000000020001e98                . = (. + _Min_Stack_Size)
 *fill*         0x0000000020001a98      0x400 
                0x0000000020001e98                . = ALIGN (0x8)

/DISCARD/
 libc.a(*)
 libm.a(*)
 libgcc.a(*)

.ARM.attributes
                0x0000000000000000       0x30
 *(.ARM.attributes)
 .ARM.attributes
                0x0000000000000000       0x1e c:/st/stm32cubeide_1.7.0/stm32cubeide/plugins/com.st.stm32cube.ide.mcu.externaltools.gnu-tools-for-stm32.9-2020-q2-update.win32_2.0.0.202105311346/tools/bin/../lib/gcc/arm-none-eabi/9.3.1/thumb/v7e-m+fp/hard/crti.o
 .ARM.attributes
                0x000000000000001e       0x34 c:/st/stm32cubeide_1.7.0/stm32cubeide/plugins/com.st.stm32cube.ide.mcu.externaltools.gnu-tools-for-stm32.9-2020-q2-update.win32_2.0.0.202105311346/tools/bin/../lib/gcc/arm-none-eabi/9.3.1/thumb/v7e-m+fp/hard/crtbegin.o
 .ARM.attributes
                0x0000000000000052       0x34 ./Core/Src/EEPROM.o
 .ARM.attributes
                0x0000000000000086       0x34 ./Core/Src/main.o
 .ARM.attributes
                0x00000000000000ba       0x34 ./Core/Src/stm32f4xx_hal_msp.o
 .ARM.attributes
                0x00000000000000ee       0x34 ./Core/Src/stm32f4xx_it.o
 .ARM.attributes
                0x0000000000000122       0x34 ./Core/Src/system_stm32f4xx.o
 .ARM.attributes
                0x0000000000000156       0x21 ./Core/Startup/startup_stm32f407zgtx.o
 .ARM.attributes
                0x0000000000000177       0x34 ./Drivers/STM32F4xx_HAL_Driver/Src/stm32f4xx_hal.o
 .ARM.attributes
                0x00000000000001ab       0x34 ./Drivers/STM32F4xx_HAL_Driver/Src/stm32f4xx_hal_adc.o
 .ARM.attributes
                0x00000000000001df       0x34 ./Drivers/STM32F4xx_HAL_Driver/Src/stm32f4xx_hal_can.o
 .ARM.attributes
                0x0000000000000213       0x34 ./Drivers/STM32F4xx_HAL_Driver/Src/stm32f4xx_hal_cortex.o
 .ARM.attributes
                0x0000000000000247       0x34 ./Drivers/STM32F4xx_HAL_Driver/Src/stm32f4xx_hal_gpio.o
 .ARM.attributes
                0x000000000000027b       0x34 ./Drivers/STM32F4xx_HAL_Driver/Src/stm32f4xx_hal_i2c.o
 .ARM.attributes
                0x00000000000002af       0x34 ./Drivers/STM32F4xx_HAL_Driver/Src/stm32f4xx_hal_rcc.o
 .ARM.attributes
                0x00000000000002e3       0x34 ./Drivers/STM32F4xx_HAL_Driver/Src/stm32f4xx_hal_tim.o
 .ARM.attributes
                0x0000000000000317       0x34 ./Drivers/STM32F4xx_HAL_Driver/Src/stm32f4xx_hal_tim_ex.o
 .ARM.attributes
                0x000000000000034b       0x34 c:/st/stm32cubeide_1.7.0/stm32cubeide/plugins/com.st.stm32cube.ide.mcu.externaltools.gnu-tools-for-stm32.9-2020-q2-update.win32_2.0.0.202105311346/tools/bin/../lib/gcc/arm-none-eabi/9.3.1/../../../../arm-none-eabi/lib/thumb/v7e-m+fp/hard\libc_nano.a(lib_a-init.o)
 .ARM.attributes
                0x000000000000037f       0x34 c:/st/stm32cubeide_1.7.0/stm32cubeide/plugins/com.st.stm32cube.ide.mcu.externaltools.gnu-tools-for-stm32.9-2020-q2-update.win32_2.0.0.202105311346/tools/bin/../lib/gcc/arm-none-eabi/9.3.1/../../../../arm-none-eabi/lib/thumb/v7e-m+fp/hard\libc_nano.a(lib_a-memset.o)
 .ARM.attributes
                0x00000000000003b3       0x1e c:/st/stm32cubeide_1.7.0/stm32cubeide/plugins/com.st.stm32cube.ide.mcu.externaltools.gnu-tools-for-stm32.9-2020-q2-update.win32_2.0.0.202105311346/tools/bin/../lib/gcc/arm-none-eabi/9.3.1/thumb/v7e-m+fp/hard\libgcc.a(_arm_muldf3.o)
 .ARM.attributes
                0x00000000000003d1       0x1e c:/st/stm32cubeide_1.7.0/stm32cubeide/plugins/com.st.stm32cube.ide.mcu.externaltools.gnu-tools-for-stm32.9-2020-q2-update.win32_2.0.0.202105311346/tools/bin/../lib/gcc/arm-none-eabi/9.3.1/thumb/v7e-m+fp/hard\libgcc.a(_arm_addsubdf3.o)
 .ARM.attributes
                0x00000000000003ef       0x1e c:/st/stm32cubeide_1.7.0/stm32cubeide/plugins/com.st.stm32cube.ide.mcu.externaltools.gnu-tools-for-stm32.9-2020-q2-update.win32_2.0.0.202105311346/tools/bin/../lib/gcc/arm-none-eabi/9.3.1/thumb/v7e-m+fp/hard\libgcc.a(_arm_truncdfsf2.o)
 .ARM.attributes
                0x000000000000040d       0x1e c:/st/stm32cubeide_1.7.0/stm32cubeide/plugins/com.st.stm32cube.ide.mcu.externaltools.gnu-tools-for-stm32.9-2020-q2-update.win32_2.0.0.202105311346/tools/bin/../lib/gcc/arm-none-eabi/9.3.1/thumb/v7e-m+fp/hard\libgcc.a(_aeabi_uldivmod.o)
 .ARM.attributes
                0x000000000000042b       0x34 c:/st/stm32cubeide_1.7.0/stm32cubeide/plugins/com.st.stm32cube.ide.mcu.externaltools.gnu-tools-for-stm32.9-2020-q2-update.win32_2.0.0.202105311346/tools/bin/../lib/gcc/arm-none-eabi/9.3.1/thumb/v7e-m+fp/hard\libgcc.a(_udivmoddi4.o)
 .ARM.attributes
                0x000000000000045f       0x1e c:/st/stm32cubeide_1.7.0/stm32cubeide/plugins/com.st.stm32cube.ide.mcu.externaltools.gnu-tools-for-stm32.9-2020-q2-update.win32_2.0.0.202105311346/tools/bin/../lib/gcc/arm-none-eabi/9.3.1/thumb/v7e-m+fp/hard\libgcc.a(_dvmd_tls.o)
 .ARM.attributes
                0x000000000000047d       0x1e c:/st/stm32cubeide_1.7.0/stm32cubeide/plugins/com.st.stm32cube.ide.mcu.externaltools.gnu-tools-for-stm32.9-2020-q2-update.win32_2.0.0.202105311346/tools/bin/../lib/gcc/arm-none-eabi/9.3.1/thumb/v7e-m+fp/hard/crtn.o
OUTPUT(stm32f407zg-Block3.elf elf32-littlearm)
LOAD linker stubs
LOAD c:/st/stm32cubeide_1.7.0/stm32cubeide/plugins/com.st.stm32cube.ide.mcu.externaltools.gnu-tools-for-stm32.9-2020-q2-update.win32_2.0.0.202105311346/tools/bin/../lib/gcc/arm-none-eabi/9.3.1/../../../../arm-none-eabi/lib/thumb/v7e-m+fp/hard\libc.a
LOAD c:/st/stm32cubeide_1.7.0/stm32cubeide/plugins/com.st.stm32cube.ide.mcu.externaltools.gnu-tools-for-stm32.9-2020-q2-update.win32_2.0.0.202105311346/tools/bin/../lib/gcc/arm-none-eabi/9.3.1/../../../../arm-none-eabi/lib/thumb/v7e-m+fp/hard\libm.a
LOAD c:/st/stm32cubeide_1.7.0/stm32cubeide/plugins/com.st.stm32cube.ide.mcu.externaltools.gnu-tools-for-stm32.9-2020-q2-update.win32_2.0.0.202105311346/tools/bin/../lib/gcc/arm-none-eabi/9.3.1/thumb/v7e-m+fp/hard\libgcc.a

.comment        0x0000000000000000       0x53
 .comment       0x0000000000000000       0x53 ./Core/Src/EEPROM.o
                                         0x54 (size before relaxing)
 .comment       0x0000000000000053       0x54 ./Core/Src/main.o
 .comment       0x0000000000000053       0x54 ./Core/Src/stm32f4xx_hal_msp.o
 .comment       0x0000000000000053       0x54 ./Core/Src/stm32f4xx_it.o
 .comment       0x0000000000000053       0x54 ./Core/Src/system_stm32f4xx.o
 .comment       0x0000000000000053       0x54 ./Drivers/STM32F4xx_HAL_Driver/Src/stm32f4xx_hal.o
 .comment       0x0000000000000053       0x54 ./Drivers/STM32F4xx_HAL_Driver/Src/stm32f4xx_hal_adc.o
 .comment       0x0000000000000053       0x54 ./Drivers/STM32F4xx_HAL_Driver/Src/stm32f4xx_hal_can.o
 .comment       0x0000000000000053       0x54 ./Drivers/STM32F4xx_HAL_Driver/Src/stm32f4xx_hal_cortex.o
 .comment       0x0000000000000053       0x54 ./Drivers/STM32F4xx_HAL_Driver/Src/stm32f4xx_hal_gpio.o
 .comment       0x0000000000000053       0x54 ./Drivers/STM32F4xx_HAL_Driver/Src/stm32f4xx_hal_i2c.o
 .comment       0x0000000000000053       0x54 ./Drivers/STM32F4xx_HAL_Driver/Src/stm32f4xx_hal_rcc.o
 .comment       0x0000000000000053       0x54 ./Drivers/STM32F4xx_HAL_Driver/Src/stm32f4xx_hal_tim.o
 .comment       0x0000000000000053       0x54 ./Drivers/STM32F4xx_HAL_Driver/Src/stm32f4xx_hal_tim_ex.o

.debug_frame    0x0000000000000000      0x1ac
 .debug_frame   0x0000000000000000       0x2c c:/st/stm32cubeide_1.7.0/stm32cubeide/plugins/com.st.stm32cube.ide.mcu.externaltools.gnu-tools-for-stm32.9-2020-q2-update.win32_2.0.0.202105311346/tools/bin/../lib/gcc/arm-none-eabi/9.3.1/../../../../arm-none-eabi/lib/thumb/v7e-m+fp/hard\libc_nano.a(lib_a-init.o)
 .debug_frame   0x000000000000002c       0x20 c:/st/stm32cubeide_1.7.0/stm32cubeide/plugins/com.st.stm32cube.ide.mcu.externaltools.gnu-tools-for-stm32.9-2020-q2-update.win32_2.0.0.202105311346/tools/bin/../lib/gcc/arm-none-eabi/9.3.1/../../../../arm-none-eabi/lib/thumb/v7e-m+fp/hard\libc_nano.a(lib_a-memset.o)
 .debug_frame   0x000000000000004c       0x30 c:/st/stm32cubeide_1.7.0/stm32cubeide/plugins/com.st.stm32cube.ide.mcu.externaltools.gnu-tools-for-stm32.9-2020-q2-update.win32_2.0.0.202105311346/tools/bin/../lib/gcc/arm-none-eabi/9.3.1/thumb/v7e-m+fp/hard\libgcc.a(_arm_muldf3.o)
 .debug_frame   0x000000000000007c       0xac c:/st/stm32cubeide_1.7.0/stm32cubeide/plugins/com.st.stm32cube.ide.mcu.externaltools.gnu-tools-for-stm32.9-2020-q2-update.win32_2.0.0.202105311346/tools/bin/../lib/gcc/arm-none-eabi/9.3.1/thumb/v7e-m+fp/hard\libgcc.a(_arm_addsubdf3.o)
 .debug_frame   0x0000000000000128       0x24 c:/st/stm32cubeide_1.7.0/stm32cubeide/plugins/com.st.stm32cube.ide.mcu.externaltools.gnu-tools-for-stm32.9-2020-q2-update.win32_2.0.0.202105311346/tools/bin/../lib/gcc/arm-none-eabi/9.3.1/thumb/v7e-m+fp/hard\libgcc.a(_arm_truncdfsf2.o)
 .debug_frame   0x000000000000014c       0x2c c:/st/stm32cubeide_1.7.0/stm32cubeide/plugins/com.st.stm32cube.ide.mcu.externaltools.gnu-tools-for-stm32.9-2020-q2-update.win32_2.0.0.202105311346/tools/bin/../lib/gcc/arm-none-eabi/9.3.1/thumb/v7e-m+fp/hard\libgcc.a(_aeabi_uldivmod.o)
 .debug_frame   0x0000000000000178       0x34 c:/st/stm32cubeide_1.7.0/stm32cubeide/plugins/com.st.stm32cube.ide.mcu.externaltools.gnu-tools-for-stm32.9-2020-q2-update.win32_2.0.0.202105311346/tools/bin/../lib/gcc/arm-none-eabi/9.3.1/thumb/v7e-m+fp/hard\libgcc.a(_udivmoddi4.o)
